F:\Lecturer\面向对象与可视化程序设计\第1篇 C++\Code\GISGeometry\Geometry.h|F:\Lecturer\面向对象与可视化程序设计\第1篇 C++\Code\GISGeometry\Restore.1\~Geometry.~h
F:\Lecturer\面向对象与可视化程序设计\第1篇 C++\Code\GISGeometry\Layer.h|F:\Lecturer\面向对象与可视化程序设计\第1篇 C++\Code\GISGeometry\Restore.1\~Layer.~h
F:\Lecturer\面向对象与可视化程序设计\第1篇 C++\Code\GISGeometry\Round.cpp|F:\Lecturer\面向对象与可视化程序设计\第1篇 C++\Code\GISGeometry\Restore.1\~Round.~cpp
F:\Lecturer\面向对象与可视化程序设计\第1篇 C++\Code\GISGeometry\Beeline.cpp|F:\Lecturer\面向对象与可视化程序设计\第1篇 C++\Code\GISGeometry\Restore.1\~Beeline.~cpp
F:\Lecturer\面向对象与可视化程序设计\第1篇 C++\Code\GISGeometry\Arc.cpp|F:\Lecturer\面向对象与可视化程序设计\第1篇 C++\Code\GISGeometry\Restore.1\~Arc.~cpp
F:\Lecturer\面向对象与可视化程序设计\第1篇 C++\Code\GISGeometry\Curve.h|F:\Lecturer\面向对象与可视化程序设计\第1篇 C++\Code\GISGeometry\Restore.1\~Curve.~h
F:\Lecturer\面向对象与可视化程序设计\第1篇 C++\Code\GISGeometry\Label.h|F:\Lecturer\面向对象与可视化程序设计\第1篇 C++\Code\GISGeometry\Restore.1\~Label.~h
F:\Lecturer\面向对象与可视化程序设计\第1篇 C++\Code\GISGeometry\Arc.h|F:\Lecturer\面向对象与可视化程序设计\第1篇 C++\Code\GISGeometry\Restore.1\~Arc.~h
F:\Lecturer\面向对象与可视化程序设计\第1篇 C++\Code\GISGeometry\Beeline.h|F:\Lecturer\面向对象与可视化程序设计\第1篇 C++\Code\GISGeometry\Restore.1\~Beeline.~h
F:\Lecturer\面向对象与可视化程序设计\第1篇 C++\Code\GISGeometry\Label.cpp|F:\Lecturer\面向对象与可视化程序设计\第1篇 C++\Code\GISGeometry\Restore.1\~Label.~cpp
F:\Lecturer\面向对象与可视化程序设计\第1篇 C++\Code\GISGeometry\Geometry.cpp|F:\Lecturer\面向对象与可视化程序设计\第1篇 C++\Code\GISGeometry\Restore.1\~Geometry.~cpp
F:\Lecturer\面向对象与可视化程序设计\第1篇 C++\Code\GISGeometry\Curve.cpp|F:\Lecturer\面向对象与可视化程序设计\第1篇 C++\Code\GISGeometry\Restore.1\~Curve.~cpp
F:\Lecturer\面向对象与可视化程序设计\第1篇 C++\Code\GISGeometry\Round.h|F:\Lecturer\面向对象与可视化程序设计\第1篇 C++\Code\GISGeometry\Restore.1\~Round.~h
F:\Lecturer\面向对象与可视化程序设计\第1篇 C++\Code\GISGeometry\Manager.cpp|F:\Lecturer\面向对象与可视化程序设计\第1篇 C++\Code\GISGeometry\Restore.1\~Manager.~cpp
F:\Lecturer\面向对象与可视化程序设计\第1篇 C++\Code\GISGeometry\Layer.cpp|F:\Lecturer\面向对象与可视化程序设计\第1篇 C++\Code\GISGeometry\Restore.1\~Layer.~cpp
F:\Lecturer\面向对象与可视化程序设计\第1篇 C++\Code\GISGeometry\Manager.h|F:\Lecturer\面向对象与可视化程序设计\第1篇 C++\Code\GISGeometry\Restore.1\~Manager.~h
